0001 workspace_create: 0.055s error=False
0002 workspace_create: 0.054s error=False
0003 workspace_select: 0.056s error=False
0004 session_create: 0.056s error=False
0005 geological_generate: 0.496s error=False
0006 general_physics_schema: 0.055s error=False
0007 array_upload: 0.056s error=False
0008 array_upload: 0.056s error=False
0009 array_upload: 0.056s error=False
0010 array_upload: 0.056s error=False
0011 array_upload: 0.055s error=False
0012 array_upload: 0.056s error=False
0013 array_upload: 0.056s error=False
0014 array_upload: 0.055s error=False
0015 array_upload: 0.055s error=False
0016 array_upload: 0.056s error=False
0017 array_upload: 0.056s error=False
0018 array_upload: 0.056s error=False
0019 array_upload: 0.056s error=False
0020 array_upload: 0.056s error=False
0021 array_upload: 0.056s error=False
0022 array_upload: 0.056s error=False
0023 array_upload: 0.056s error=False
0024 array_upload: 0.056s error=False
0025 array_upload: 0.056s error=False
0026 array_upload: 0.056s error=False
0027 array_upload: 0.056s error=False
0028 array_upload: 0.055s error=False
0029 array_upload: 0.056s error=False
0030 array_upload: 0.055s error=False
0031 array_upload: 0.056s error=False
0032 array_upload: 0.054s error=False
0033 array_upload: 0.056s error=False
0034 array_upload: 0.055s error=False
0035 array_upload: 0.056s error=False
0036 array_upload: 0.056s error=False
0037 array_upload: 0.055s error=False
0038 array_join: 0.053s error=False
0039 general_physics_create: 0.058s error=False
0040 array_upload: 0.055s error=False
0041 array_upload: 0.055s error=False
0042 array_upload: 0.056s error=False
0043 array_upload: 0.056s error=False
0044 array_upload: 0.056s error=False
0045 array_upload: 0.056s error=False
0046 array_upload: 0.056s error=False
0047 array_upload: 0.055s error=False
0048 array_upload: 0.056s error=False
0049 array_upload: 0.056s error=False
0050 array_upload: 0.055s error=False
0051 array_upload: 0.055s error=False
0052 array_upload: 0.056s error=False
0053 array_upload: 0.055s error=False
0054 array_upload: 0.055s error=False
0055 array_upload: 0.056s error=False
0056 array_upload: 0.055s error=False
0057 array_upload: 0.056s error=False
0058 array_upload: 0.056s error=False
0059 array_upload: 0.056s error=False
0060 array_upload: 0.056s error=False
0061 array_upload: 0.055s error=False
0062 array_upload: 0.057s error=False
0063 array_upload: 0.056s error=False
0064 array_upload: 0.056s error=False
0065 array_upload: 0.056s error=False
0066 array_upload: 0.056s error=False
0067 array_upload: 0.055s error=False
0068 array_upload: 0.055s error=False
0069 array_upload: 0.055s error=False
0070 array_upload: 0.055s error=False
0071 array_upload: 0.055s error=False
0072 array_upload: 0.056s error=False
0073 array_upload: 0.056s error=False
0074 array_upload: 0.056s error=False
0075 array_upload: 0.056s error=False
0076 general_physics_edit: 0.109s error=False
0077 general_physics_edit: 0.110s error=False
0078 general_physics_edit: 0.110s error=False
0079 general_physics_edit: 0.110s error=False
0080 general_physics_edit: 0.108s error=False
0081 general_physics_edit: 0.110s error=False
0082 general_physics_edit: 0.110s error=False
0083 array_upload: 0.056s error=False
0084 array_upload: 0.056s error=False
0085 array_upload: 0.055s error=False
0086 array_join: 0.053s error=False
0087 array_upload: 0.057s error=False
0088 array_upload: 0.054s error=False
0089 array_upload: 0.055s error=False
0090 array_join: 0.056s error=False
0091 array_upload: 0.055s error=False
0092 array_upload: 0.055s error=False
0093 array_upload: 0.055s error=False
0094 array_join: 0.055s error=False
0095 general_physics_edit: 0.221s error=False
0096 general_physics_tables: 0.055s error=False
0097 general_physics_tables: 0.055s error=False
0098 general_physics_tables: 0.055s error=False
0099 general_physics_tables: 0.055s error=False
0100 general_physics_tables: 0.055s error=False
0101 general_physics_tables: 0.055s error=False
0102 general_physics_tables: 0.055s error=False
0103 general_physics_tables: 0.055s error=False
0104 general_physics_tables: 0.055s error=False
0105 general_physics_tables: 0.055s error=False
0106 general_physics_tables: 0.054s error=False
0107 general_physics_tables: 0.055s error=False
0108 general_physics_tables: 0.055s error=False
0109 general_physics_tables: 0.055s error=False
0110 array_range: 0.055s error=False
0111 general_physics_edit: 0.056s error=True
0112 general_physics_tables: 0.054s error=True
0113 array_upload: 0.056s error=False
0114 general_physics_edit: 0.056s error=True
0115 general_physics_inspect: 0.056s error=False
0116 geological_generate: 0.055s error=False
0117 general_physics_schema: 0.055s error=False
0118 general_physics_create: 0.055s error=False
0119 array_upload: 0.056s error=False
0120 array_upload: 0.056s error=False
0121 array_upload: 0.056s error=False
0122 array_upload: 0.056s error=False
0123 array_upload: 0.056s error=False
0124 array_upload: 0.056s error=False
0125 array_upload: 0.056s error=False
0126 array_upload: 0.056s error=False
0127 array_upload: 0.056s error=False
0128 array_upload: 0.056s error=False
0129 array_upload: 0.056s error=False
0130 array_upload: 0.056s error=False
0131 array_upload: 0.056s error=False
0132 array_upload: 0.057s error=False
0133 array_upload: 0.057s error=False
0134 array_upload: 0.056s error=False
0135 array_upload: 0.056s error=False
0136 array_upload: 0.055s error=False
0137 array_upload: 0.056s error=False
0138 array_upload: 0.056s error=False
0139 array_upload: 0.056s error=False
0140 array_upload: 0.056s error=False
0141 array_upload: 0.056s error=False
0142 array_upload: 0.057s error=False
0143 array_upload: 0.056s error=False
0144 array_upload: 0.056s error=False
0145 array_upload: 0.056s error=False
0146 array_upload: 0.056s error=False
0147 array_upload: 0.056s error=False
0148 array_upload: 0.056s error=False
0149 array_upload: 0.056s error=False
0150 array_upload: 0.056s error=False
0151 array_upload: 0.056s error=False
0152 array_upload: 0.057s error=False
0153 array_upload: 0.056s error=False
0154 array_upload: 0.056s error=False
0155 general_physics_edit: 0.056s error=False
0156 general_physics_edit: 0.055s error=False
0157 general_physics_edit: 0.055s error=False
0158 workspace_select: 0.054s error=False
0159 general_physics_inspect: 0.056s error=True
0160 workspace_select: 0.161s error=False
0161 general_physics_inspect: 0.055s error=False
0162 general_physics_inspect: 0.055s error=False
0163 general_physics_inspect: 0.055s error=False
