001 session_create: 0.17s error=False
002 general_capabilities: 0.06s error=False
003 array_upload: 0.06s error=False
004 array_join: 0.06s error=False
005 array_upload: 0.06s error=False
006 array_upload: 0.06s error=False
007 array_upload: 0.06s error=False
008 array_upload: 0.06s error=False
009 array_upload: 0.06s error=False
010 array_join: 0.06s error=False
011 array_upload: 0.06s error=False
012 array_join: 0.06s error=False
013 array_upload: 0.06s error=False
014 array_join: 0.06s error=False
015 array_upload: 0.06s error=False
016 array_join: 0.06s error=False
017 geological_create: 0.06s error=False
018 application_launch: 0.90s error=False
019 geological_load: 0.67s error=False
020 geological_verify: 0.22s error=False
021 geological_render: 0.50s error=False
022 geological_render: 0.50s error=False
023 geological_render: 0.45s error=False
024 project_inspect: 0.17s error=False
025 project_save: 0.33s error=False
026 project_close: 0.34s error=False
027 project_open: 0.67s error=False
028 geological_restore: 0.17s error=False
029 geological_verify: 0.22s error=False
030 application_close: 0.17s error=False
031 geological_inspect: 0.17s error=False
032 application_launch: 0.90s error=False
033 project_open: 0.73s error=False
034 geological_restore: 0.17s error=False
035 geological_verify: 0.22s error=False
036 application_close: 0.17s error=False
