001 session_create: 0.17s error=False
002 general_capabilities: 0.06s error=False
003 geological_generate: 0.73s error=False
004 application_launch: 1.46s error=False
005 geological_load: 10.58s error=False
006 geological_verify: 1.23s error=False
007 geological_render: 1.69s error=False
008 geological_render: 1.68s error=False
009 geological_render: 1.62s error=False
010 project_inspect: 0.17s error=False
011 project_save: 0.34s error=False
012 project_close: 0.45s error=False
013 project_open: 3.18s error=False
014 geological_restore: 0.45s error=False
015 geological_verify: 1.23s error=False
016 application_close: 0.33s error=False
017 geological_inspect: 0.17s error=False
018 application_launch: 0.95s error=False
019 project_open: 3.18s error=False
020 geological_restore: 0.50s error=False
021 geological_verify: 1.29s error=False
022 application_close: 0.34s error=False
