[1/8] cd /tmp/resinsight-p01-build/application-build/ApplicationLibCode/UnitTests && /private/tmp/resinsight-p01-build/build-tools/lib/python3.12/site-packages/cmake/data/bin/cmake -E make_directory /tmp/resinsight-p01-build/application-build/ApplicationLibCode/UnitTests
[2/8] Automatic MOC and UIC for target ApplicationLibCode
[3/7] Building CXX object ApplicationLibCode/CMakeFiles/ApplicationLibCode.dir/ProjectDataModelCommands/RimcProject.cpp.o
FAILED: [code=1] ApplicationLibCode/CMakeFiles/ApplicationLibCode.dir/ProjectDataModelCommands/RimcProject.cpp.o 
/private/tmp/resinsight-p01-build/compiler/LLVM-19.1.7-macOS-ARM64/bin/clang++ -DADS_STATIC -DBOOST_FILESYSTEM_NO_LIB -DBOOST_FILESYSTEM_STATIC_LINK=1 -DCLIPPER2_MAX_DECIMAL_PRECISION=8 -DCVF_OSX -DENABLE_GRPC -DOPENZGY_STATIC -DQT_CONCURRENT_LIB -DQT_CORE_LIB -DQT_GUI_LIB -DQT_NETWORKAUTH_LIB -DQT_NETWORK_LIB -DQT_NO_DEBUG -DQT_NO_FOREACH -DQT_OPENGLWIDGETS_LIB -DQT_OPENGL_LIB -DQT_PRINTSUPPORT_LIB -DQT_SQL_LIB -DQT_SVG_LIB -DQT_WIDGETS_LIB -DQT_XML_LIB -DSPDLOG_COMPILED_LIB -DSPDLOG_FMT_EXTERNAL -DUSINGZ -I/tmp/resinsight-p01-build/application-build/ApplicationLibCode/ApplicationLibCode_autogen/include -I/tmp/resinsight-p01-build/source/ApplicationLibCode/Commands -I/tmp/resinsight-p01-build/source/ApplicationLibCode/Commands/EclipseCommands -I/tmp/resinsight-p01-build/source/ApplicationLibCode/ProjectDataModelCommands/CommandRouter -I/tmp/resinsight-p01-build/source/ApplicationLibCode -I/tmp/resinsight-p01-build/source/ApplicationLibCode/Adm -I/tmp/resinsight-p01-build/source/ApplicationLibCode/Application -I/tmp/resinsight-p01-build/source/ApplicationLibCode/Application/Tools -I/tmp/resinsight-p01-build/source/ApplicationLibCode/Application/Tools/WellPathTools -I/tmp/resinsight-p01-build/source/ApplicationLibCode/Application/Tools/KeyValueStore -I/tmp/resinsight-p01-build/source/ApplicationLibCode/Application/Tools/Telemetry -I/tmp/resinsight-p01-build/source/ApplicationLibCode/CommandFileInterface -I/tmp/resinsight-p01-build/source/ApplicationLibCode/CommandFileInterface/Core -I/tmp/resinsight-p01-build/source/ApplicationLibCode/FileInterface -I/tmp/resinsight-p01-build/source/ApplicationLibCode/GeoMech -I/tmp/resinsight-p01-build/source/ApplicationLibCode/ModelVisualization -I/tmp/resinsight-p01-build/source/ApplicationLibCode/ModelVisualization/Faults -I/tmp/resinsight-p01-build/source/ApplicationLibCode/ModelVisualization/GridBox -I/tmp/resinsight-p01-build/source/ApplicationLibCode/ModelVisualization/Intersections -I/tmp/resinsight-p01-build/source/ApplicationLibCode/ModelVisualization/Seismic -I/tmp/resinsight-p01-build/source/ApplicationLibCode/ModelVisualization/Streamlines -I/tmp/resinsight-p01-build/source/ApplicationLibCode/ModelVisualization/Surfaces -I/tmp/resinsight-p01-build/source/ApplicationLibCode/ProjectDataModel -I/tmp/resinsight-p01-build/source/ApplicationLibCode/ProjectDataModel/AnalysisPlots -I/tmp/resinsight-p01-build/source/ApplicationLibCode/ProjectDataModel/CorrelationPlots -I/tmp/resinsight-p01-build/source/ApplicationLibCode/ProjectDataModel/Annotations -I/tmp/resinsight-p01-build/source/ApplicationLibCode/ProjectDataModel/Completions -I/tmp/resinsight-p01-build/source/ApplicationLibCode/ProjectDataModel/Faults -I/tmp/resinsight-p01-build/source/ApplicationLibCode/ProjectDataModel/Flow -I/tmp/resinsight-p01-build/source/ApplicationLibCode/ProjectDataModel/GridCrossPlots -I/tmp/resinsight-p01-build/source/ApplicationLibCode/ProjectDataModel/GeoMech -I/tmp/resinsight-p01-build/source/ApplicationLibCode/ProjectDataModel/Parameters -I/tmp/resinsight-p01-build/source/ApplicationLibCode/ProjectDataModel/Measurement -I/tmp/resinsight-p01-build/source/ApplicationLibCode/ProjectDataModel/StimPlanModel -I/tmp/resinsight-p01-build/source/ApplicationLibCode/ProjectDataModel/Summary -I/tmp/resinsight-p01-build/source/ApplicationLibCode/ProjectDataModel/Surfaces -I/tmp/resinsight-p01-build/source/ApplicationLibCode/ProjectDataModel/Intersections -I/tmp/resinsight-p01-build/source/ApplicationLibCode/ProjectDataModel/Streamlines -I/tmp/resinsight-p01-build/source/ApplicationLibCode/ProjectDataModel/Seismic -I/tmp/resinsight-p01-build/source/ApplicationLibCode/ProjectDataModel/CellFilters -I/tmp/resinsight-p01-build/source/ApplicationLibCode/ProjectDataModel/ProcessControl -I/tmp/resinsight-p01-build/source/ApplicationLibCode/ProjectDataModel/WellLog -I/tmp/resinsight-p01-build/source/ApplicationLibCode/ProjectDataModel/WellLog/WellLogTrack -I/tmp/resinsight-p01-build/source/ApplicationLibCode/ProjectDataModel/WellMeasurement -I/tmp/resinsight-p01-build/source/ApplicationLibCode/ProjectDataModel/WellPath -I/tmp/resinsight-p01-build/source/ApplicationLibCode/ProjectDataModel/WellEvents -I/tmp/resinsight-p01-build/source/ApplicationLibCode/ProjectDataModelCommands -I/tmp/resinsight-p01-build/source/ApplicationLibCode/ReservoirDataModel -I/tmp/resinsight-p01-build/source/ApplicationLibCode/ReservoirDataModel/Completions -I/tmp/resinsight-p01-build/source/ApplicationLibCode/ReservoirDataModel/ResultAccessors -I/tmp/resinsight-p01-build/source/ApplicationLibCode/ReservoirDataModel/ResultCalculators -I/tmp/resinsight-p01-build/source/ApplicationLibCode/ReservoirDataModel/SimulationFile -I/tmp/resinsight-p01-build/source/ApplicationLibCode/ResultStatisticsCache -I/tmp/resinsight-p01-build/source/ApplicationLibCode/SocketInterface -I/tmp/resinsight-p01-build/source/ApplicationLibCode/UserInterface -I/tmp/resinsight-p01-build/source/ApplicationLibCode/UserInterface/AnalysisPlots -I/tmp/resinsight-p01-build/source/ApplicationLibCode/GeoMech/GeoMechDataModel -I/tmp/resinsight-p01-build/source/ApplicationLibCode/GeoMech/GeoMechVisualization -I/tmp/resinsight-p01-build/source/ApplicationLibCode/GeoMech/GeoMechFileInterface -I/tmp/resinsight-p01-build/source/ApplicationLibCode/GeoMech/OdbReader -I/tmp/resinsight-p01-build/source/ApplicationLibCode/Measurement -I/tmp/resinsight-p01-build/source/ThirdParty -I/tmp/resinsight-p01-build/application-build/Generated -I/tmp/resinsight-p01-build/source/ThirdParty/Ert/lib/include -I/tmp/resinsight-p01-build/application-build/ThirdParty/Ert/lib/include -I/tmp/resinsight-p01-build/source/ThirdParty/NRLib/nrlib/well -I/tmp/resinsight-p01-build/source/ThirdParty/openzgy/include -I/tmp/resinsight-p01-build/source/ThirdParty/openzgy/zfp/include -I/tmp/resinsight-p01-build/source/ThirdParty/openzgy/zfp/array -I/tmp/resinsight-p01-build/source/ThirdParty/qwt/src -I/tmp/resinsight-p01-build/source/ThirdParty/qtadvanceddocking/src -I/tmp/resinsight-p01-build/source/ThirdParty/nightcharts -I/tmp/resinsight-p01-build/source/ThirdParty/expressionparser -I/tmp/resinsight-p01-build/source/ThirdParty/roffcpp/src/. -I/tmp/resinsight-p01-build/source/ThirdParty/regression-analysis/src/. -I/tmp/resinsight-p01-build/source/ThirdParty/custom-surfio/surfio/src/lib/include -I/tmp/resinsight-p01-build/application-build/_deps/mdspan-src/include -I/tmp/resinsight-p01-build/source/ThirdParty/custom-opm-common/opm-common -I/tmp/resinsight-p01-build/source/ThirdParty/custom-opm-common/generated-opm-common/include -I/tmp/resinsight-p01-build/source/ThirdParty/custom-opm-flowdiagnostics/opm-flowdiagnostics -I/tmp/resinsight-p01-build/source/ThirdParty/custom-opm-flowdiag-app/opm-flowdiagnostics-applications -I/tmp/resinsight-p01-build/source/Fwk/AppFwk/cafProjectDataModel/cafPdmCore -I/tmp/resinsight-p01-build/source/Fwk/AppFwk/cafProjectDataModel/cafPdmUiCore -I/tmp/resinsight-p01-build/source/Fwk/AppFwk/cafProjectDataModel -I/tmp/resinsight-p01-build/source/Fwk/AppFwk/cafProjectDataModel/cafPdmXml -I/tmp/resinsight-p01-build/source/Fwk/AppFwk/cafUserInterface -I/tmp/resinsight-p01-build/source/Fwk/AppFwk/cafPdmScripting -I/tmp/resinsight-p01-build/source/Fwk/AppFwk/cafPdmCvf -I/tmp/resinsight-p01-build/source/Fwk/AppFwk/cafPdmCvf/cafPdmMat3d -I/tmp/resinsight-p01-build/source/Fwk/VizFwk/LibCore -I/tmp/resinsight-p01-build/source/Fwk/AppFwk/cafViewer -I/tmp/resinsight-p01-build/source/Fwk/VizFwk/LibGeometry -I/tmp/resinsight-p01-build/source/Fwk/VizFwk/LibViewing -I/tmp/resinsight-p01-build/source/Fwk/VizFwk/LibRender -I/tmp/resinsight-p01-build/source/Fwk/VizFwk/LibGuiQt -I/tmp/resinsight-p01-build/source/Fwk/AppFwk/cafAnimControl -I/tmp/resinsight-p01-build/source/Fwk/AppFwk/cafCommand -I/tmp/resinsight-p01-build/source/Fwk/AppFwk/cafTensor -I/tmp/resinsight-p01-build/source/Fwk/AppFwk/cafDataLoader -I/tmp/resinsight-p01-build/source/Fwk/AppFwk/CommonCode -I/tmp/resinsight-p01-build/source/Fwk/AppFwk/cafVizExtensions -F/Applications/Xcode.app/Contents/Developer/Platforms/MacOSX.platform/Developer/SDKs/MacOSX.sdk/System/Library/Frameworks -isystem /tmp/resinsight-p01-build/vcpkg-installed/arm64-osx-p01/include/eigen3 -isystem /tmp/resinsight-p01-build/vcpkg-installed/arm64-osx-p01/include -isystem /tmp/resinsight-p01-build/qt/6.7.0/macos/lib/QtConcurrent.framework/Headers -iframework /tmp/resinsight-p01-build/qt/6.7.0/macos/lib -isystem /tmp/resinsight-p01-build/qt/6.7.0/macos/lib/QtCore.framework/Headers -isystem /tmp/resinsight-p01-build/qt/6.7.0/macos/mkspecs/macx-clang -isystem /tmp/resinsight-p01-build/qt/6.7.0/macos/include -isystem /tmp/resinsight-p01-build/qt/6.7.0/macos/lib/QtGui.framework/Headers -isystem /tmp/resinsight-p01-build/qt/6.7.0/macos/lib/QtOpenGLWidgets.framework/Headers -isystem /tmp/resinsight-p01-build/qt/6.7.0/macos/lib/QtOpenGL.framework/Headers -isystem /tmp/resinsight-p01-build/qt/6.7.0/macos/lib/QtWidgets.framework/Headers -isystem /tmp/resinsight-p01-build/qt/6.7.0/macos/lib/QtPrintSupport.framework/Headers -isystem /tmp/resinsight-p01-build/vcpkg-installed/arm64-osx-p01/lib/pkgconfig/../../include -isystem /tmp/resinsight-p01-build/qt/6.7.0/macos/lib/QtNetwork.framework/Headers -isystem /tmp/resinsight-p01-build/qt/6.7.0/macos/lib/QtNetworkAuth.framework/Headers -isystem /tmp/resinsight-p01-build/qt/6.7.0/macos/lib/QtXml.framework/Headers -isystem /tmp/resinsight-p01-build/qt/6.7.0/macos/lib/QtSvg.framework/Headers -isystem /tmp/resinsight-p01-build/qt/6.7.0/macos/lib/QtSql.framework/Headers -fPIC   -stdlib=libc++ -nostdinc++ -isystem /private/tmp/resinsight-p01-build/apple-libcxx/include/c++/v1 -O3 -DNDEBUG -std=c++23 -arch arm64 -isysroot /Applications/Xcode.app/Contents/Developer/Platforms/MacOSX.platform/Developer/SDKs/MacOSX.sdk -mmacosx-version-min=14.2 -Wall -Wno-reorder -Wno-switch -Wno-undefined-var-template -Wno-delete-abstract-non-virtual-dtor -Wno-call-to-pure-virtual-from-ctor-dtor -Wno-delete-non-abstract-non-virtual-dtor -Wno-ambiguous-reversed-operator -Wno-deprecated-declarations -MD -MT ApplicationLibCode/CMakeFiles/ApplicationLibCode.dir/ProjectDataModelCommands/RimcProject.cpp.o -MF ApplicationLibCode/CMakeFiles/ApplicationLibCode.dir/ProjectDataModelCommands/RimcProject.cpp.o.d -o ApplicationLibCode/CMakeFiles/ApplicationLibCode.dir/ProjectDataModelCommands/RimcProject.cpp.o -c /tmp/resinsight-p01-build/source/ApplicationLibCode/ProjectDataModelCommands/RimcProject.cpp
In file included from /tmp/resinsight-p01-build/source/ApplicationLibCode/ProjectDataModelCommands/RimcProject.cpp:19:
In file included from /tmp/resinsight-p01-build/source/ApplicationLibCode/ProjectDataModelCommands/RimcProject.h:21:
In file included from /tmp/resinsight-p01-build/source/Fwk/AppFwk/cafProjectDataModel/cafPdmCore/cafPdmField.h:5:
In file included from /tmp/resinsight-p01-build/source/Fwk/AppFwk/cafProjectDataModel/cafPdmCore/cafPdmDataValueField.h:40:
In file included from /tmp/resinsight-p01-build/source/Fwk/AppFwk/cafProjectDataModel/cafPdmCore/cafPdmValueField.h:38:
In file included from /tmp/resinsight-p01-build/source/Fwk/AppFwk/cafProjectDataModel/cafPdmCore/cafPdmFieldHandle.h:4:
In file included from /tmp/resinsight-p01-build/qt/6.7.0/macos/lib/QtCore.framework/Headers/QString:1:
In file included from /tmp/resinsight-p01-build/qt/6.7.0/macos/lib/QtCore.framework/Headers/qstring.h:14:
In file included from /tmp/resinsight-p01-build/qt/6.7.0/macos/lib/QtCore.framework/Headers/qchar.h:9:
In file included from /private/tmp/resinsight-p01-build/apple-libcxx/include/c++/v1/functional:552:
In file included from /private/tmp/resinsight-p01-build/apple-libcxx/include/c++/v1/__functional/boyer_moore_searcher.h:27:
/private/tmp/resinsight-p01-build/apple-libcxx/include/c++/v1/vector:985:60: error: arithmetic on a pointer to an incomplete type 'Opm::NNCdata'
  985 |       __alloc_traits::destroy(__alloc(), std::__to_address(--__soon_to_be_end));
      |                                                            ^ ~~~~~~~~~~~~~~~~
/private/tmp/resinsight-p01-build/apple-libcxx/include/c++/v1/vector:979:5: note: in instantiation of member function 'std::vector<Opm::NNCdata>::__base_destruct_at_end' requested here
  979 |     __base_destruct_at_end(this->__begin_);
      |     ^
/private/tmp/resinsight-p01-build/apple-libcxx/include/c++/v1/vector:530:16: note: in instantiation of member function 'std::vector<Opm::NNCdata>::__clear' requested here
  530 |         __vec_.__clear();
      |                ^
/private/tmp/resinsight-p01-build/apple-libcxx/include/c++/v1/vector:541:67: note: in instantiation of member function 'std::vector<Opm::NNCdata>::__destroy_vector::operator()' requested here
  541 |   _LIBCPP_CONSTEXPR_SINCE_CXX20 _LIBCPP_HIDE_FROM_ABI ~vector() { __destroy_vector (*this)(); }
      |                                                                   ^
/tmp/resinsight-p01-build/source/ApplicationLibCode/ProjectDataModelCommands/RimcProject.cpp:113:57: note: in instantiation of member function 'std::vector<Opm::NNCdata>::~vector' requested here
  113 |         grid.save( m_outputPath().toStdString(), false, {}, units );
      |                                                         ^
/tmp/resinsight-p01-build/source/ThirdParty/custom-opm-common/opm-common/opm/input/eclipse/EclipseState/Grid/EclipseGrid.hpp:45:12: note: forward declaration of 'Opm::NNCdata'
   45 |     struct NNCdata;
      |            ^
In file included from /tmp/resinsight-p01-build/source/ApplicationLibCode/ProjectDataModelCommands/RimcProject.cpp:19:
In file included from /tmp/resinsight-p01-build/source/ApplicationLibCode/ProjectDataModelCommands/RimcProject.h:21:
In file included from /tmp/resinsight-p01-build/source/Fwk/AppFwk/cafProjectDataModel/cafPdmCore/cafPdmField.h:5:
In file included from /tmp/resinsight-p01-build/source/Fwk/AppFwk/cafProjectDataModel/cafPdmCore/cafPdmDataValueField.h:40:
In file included from /tmp/resinsight-p01-build/source/Fwk/AppFwk/cafProjectDataModel/cafPdmCore/cafPdmValueField.h:38:
In file included from /tmp/resinsight-p01-build/source/Fwk/AppFwk/cafProjectDataModel/cafPdmCore/cafPdmFieldHandle.h:4:
In file included from /tmp/resinsight-p01-build/qt/6.7.0/macos/lib/QtCore.framework/Headers/QString:1:
In file included from /tmp/resinsight-p01-build/qt/6.7.0/macos/lib/QtCore.framework/Headers/qstring.h:14:
In file included from /tmp/resinsight-p01-build/qt/6.7.0/macos/lib/QtCore.framework/Headers/qchar.h:9:
In file included from /private/tmp/resinsight-p01-build/apple-libcxx/include/c++/v1/functional:548:
In file included from /private/tmp/resinsight-p01-build/apple-libcxx/include/c++/v1/__functional/function.h:21:
/private/tmp/resinsight-p01-build/apple-libcxx/include/c++/v1/__memory/allocator.h:132:50: error: invalid application of 'sizeof' to an incomplete type 'Opm::NNCdata'
  132 |       std::__libcpp_deallocate((void*)__p, __n * sizeof(_Tp), _LIBCPP_ALIGNOF(_Tp));
      |                                                  ^~~~~~~~~~~
/private/tmp/resinsight-p01-build/apple-libcxx/include/c++/v1/__memory/allocator_traits.h:312:9: note: in instantiation of member function 'std::allocator<Opm::NNCdata>::deallocate' requested here
  312 |     __a.deallocate(__p, __n);
      |         ^
/private/tmp/resinsight-p01-build/apple-libcxx/include/c++/v1/vector:532:25: note: in instantiation of member function 'std::allocator_traits<std::allocator<Opm::NNCdata>>::deallocate' requested here
  532 |         __alloc_traits::deallocate(__vec_.__alloc(), __vec_.__begin_, __vec_.capacity());
      |                         ^
/private/tmp/resinsight-p01-build/apple-libcxx/include/c++/v1/vector:541:67: note: in instantiation of member function 'std::vector<Opm::NNCdata>::__destroy_vector::operator()' requested here
  541 |   _LIBCPP_CONSTEXPR_SINCE_CXX20 _LIBCPP_HIDE_FROM_ABI ~vector() { __destroy_vector (*this)(); }
      |                                                                   ^
/tmp/resinsight-p01-build/source/ApplicationLibCode/ProjectDataModelCommands/RimcProject.cpp:113:57: note: in instantiation of member function 'std::vector<Opm::NNCdata>::~vector' requested here
  113 |         grid.save( m_outputPath().toStdString(), false, {}, units );
      |                                                         ^
/tmp/resinsight-p01-build/source/ThirdParty/custom-opm-common/opm-common/opm/input/eclipse/EclipseState/Grid/EclipseGrid.hpp:45:12: note: forward declaration of 'Opm::NNCdata'
   45 |     struct NNCdata;
      |            ^
In file included from /tmp/resinsight-p01-build/source/ApplicationLibCode/ProjectDataModelCommands/RimcProject.cpp:19:
In file included from /tmp/resinsight-p01-build/source/ApplicationLibCode/ProjectDataModelCommands/RimcProject.h:21:
In file included from /tmp/resinsight-p01-build/source/Fwk/AppFwk/cafProjectDataModel/cafPdmCore/cafPdmField.h:5:
In file included from /tmp/resinsight-p01-build/source/Fwk/AppFwk/cafProjectDataModel/cafPdmCore/cafPdmDataValueField.h:40:
In file included from /tmp/resinsight-p01-build/source/Fwk/AppFwk/cafProjectDataModel/cafPdmCore/cafPdmValueField.h:38:
In file included from /tmp/resinsight-p01-build/source/Fwk/AppFwk/cafProjectDataModel/cafPdmCore/cafPdmFieldHandle.h:4:
In file included from /tmp/resinsight-p01-build/qt/6.7.0/macos/lib/QtCore.framework/Headers/QString:1:
In file included from /tmp/resinsight-p01-build/qt/6.7.0/macos/lib/QtCore.framework/Headers/qstring.h:14:
In file included from /tmp/resinsight-p01-build/qt/6.7.0/macos/lib/QtCore.framework/Headers/qchar.h:9:
In file included from /private/tmp/resinsight-p01-build/apple-libcxx/include/c++/v1/functional:552:
In file included from /private/tmp/resinsight-p01-build/apple-libcxx/include/c++/v1/__functional/boyer_moore_searcher.h:27:
/private/tmp/resinsight-p01-build/apple-libcxx/include/c++/v1/vector:638:47: error: arithmetic on a pointer to an incomplete type 'Opm::NNCdata'
  638 |     return static_cast<size_type>(__end_cap() - this->__begin_);
      |                                   ~~~~~~~~~~~ ^
/private/tmp/resinsight-p01-build/apple-libcxx/include/c++/v1/vector:532:78: note: in instantiation of member function 'std::vector<Opm::NNCdata>::capacity' requested here
  532 |         __alloc_traits::deallocate(__vec_.__alloc(), __vec_.__begin_, __vec_.capacity());
      |                                                                              ^
/private/tmp/resinsight-p01-build/apple-libcxx/include/c++/v1/vector:541:67: note: in instantiation of member function 'std::vector<Opm::NNCdata>::__destroy_vector::operator()' requested here
  541 |   _LIBCPP_CONSTEXPR_SINCE_CXX20 _LIBCPP_HIDE_FROM_ABI ~vector() { __destroy_vector (*this)(); }
      |                                                                   ^
/tmp/resinsight-p01-build/source/ApplicationLibCode/ProjectDataModelCommands/RimcProject.cpp:113:57: note: in instantiation of member function 'std::vector<Opm::NNCdata>::~vector' requested here
  113 |         grid.save( m_outputPath().toStdString(), false, {}, units );
      |                                                         ^
/tmp/resinsight-p01-build/source/ThirdParty/custom-opm-common/opm-common/opm/input/eclipse/EclipseState/Grid/EclipseGrid.hpp:45:12: note: forward declaration of 'Opm::NNCdata'
   45 |     struct NNCdata;
      |            ^
3 errors generated.
ninja: build stopped: subcommand failed.
