
Run: ruff check .
All checks passed!

Run: ruff format --check .
179 files already formatted

Run: ty check
All checks passed!

Run: /private/tmp/resinsight-p08-native-review/.venv/bin/python3 -m pytest -q
........................................................................ [ 17%]
........................................................................ [ 34%]
........................................................................ [ 51%]
........................................................................ [ 68%]
........................................................................ [ 85%]
...........................................................              [100%]
419 passed in 38.91s

Run: mkdocs build --strict

[31m │  ⚠  Warning from the Material for MkDocs team[0m
[31m │[0m
[31m │[0m  MkDocs 2.0, the underlying framework of Material for MkDocs,
[31m │[0m  will introduce backward-incompatible changes, including:
[31m │[0m
[31m │  × [0mAll plugins will stop working – the plugin system has been removed
[31m │  × [0mAll theme overrides will break – the theming system has been rewritten
[31m │  × [0mNo migration path exists – existing projects cannot be upgraded
[31m │  × [0mClosed contribution model – community members can't report bugs
[31m │  × [0mCurrently unlicensed – unsuitable for production use
[31m │[0m
[31m │[0m  Our full analysis:
[31m │[0m
[31m │[0m  [4mhttps://squidfunk.github.io/mkdocs-material/blog/2026/02/18/mkdocs-2.0/[0m
[0m
INFO    -  Cleaning site directory
INFO    -  Building documentation to directory: /private/tmp/resinsight-p08-native-review/site
INFO    -  The following pages exist in the docs directory, but are not included in the "nav" configuration:
  - synthetic-models.md
  - development/synthetic-models.md
  - development/evidence/p06/observer/README.md
  - development/evidence/p08-native/README.md
  - development/evidence/workspace-journal/README.md
INFO    -  Documentation built in 0.82 seconds
