[1/79] cd /tmp/resinsight-p01-build/application-build/ApplicationLibCode/UnitTests && /private/tmp/resinsight-p01-build/build-tools/lib/python3.12/site-packages/cmake/data/bin/cmake -E make_directory /tmp/resinsight-p01-build/application-build/ApplicationLibCode/UnitTests
[2/79] Automatic MOC and UIC for target ApplicationLibCode
[3/79] Building CXX object ApplicationLibCode/CMakeFiles/ApplicationLibCode.dir/Application/RiaGuiApplication.cpp.o
[4/79] Building CXX object ApplicationLibCode/CMakeFiles/ApplicationLibCode.dir/ApplicationLibCode_autogen/mocs_compilation.cpp.o
[5/79] Building CXX object ApplicationLibCode/CMakeFiles/ApplicationLibCode.dir/Application/RiaPlotWindowRedrawScheduler.cpp.o
[6/79] Building CXX object ApplicationLibCode/CMakeFiles/ApplicationLibCode.dir/Application/Tools/Summary/RiaSummaryTools.cpp.o
[7/79] Building CXX object ApplicationLibCode/CMakeFiles/ApplicationLibCode.dir/Application/Tools/Summary/RiaSummaryPlotTools.cpp.o
[8/79] Building CXX object ApplicationLibCode/CMakeFiles/ApplicationLibCode.dir/Application/Tools/Summary/RiaSummaryPlotTemplateTools.cpp.o
[9/79] Building CXX object ApplicationLibCode/CMakeFiles/ApplicationLibCode.dir/ProjectDataModel/RimMainPlotCollection.cpp.o
[10/79] Building CXX object ApplicationLibCode/CMakeFiles/ApplicationLibCode.dir/ProjectDataModel/RimPlot.cpp.o
[11/79] Building CXX object ApplicationLibCode/CMakeFiles/ApplicationLibCode.dir/ProjectDataModel/RimMultiPlot.cpp.o
[12/79] Building CXX object ApplicationLibCode/CMakeFiles/ApplicationLibCode.dir/ProjectDataModel/RimContextCommandBuilder.cpp.o
[13/79] Building CXX object ApplicationLibCode/CMakeFiles/ApplicationLibCode.dir/ProjectDataModel/RimSummaryCalculation.cpp.o
[14/79] Building CXX object ApplicationLibCode/CMakeFiles/ApplicationLibCode.dir/ProjectDataModel/RimPlotAxisProperties.cpp.o
[15/79] Building CXX object ApplicationLibCode/CMakeFiles/ApplicationLibCode.dir/ProjectDataModel/RimMultiPlotCollection.cpp.o
[16/79] Building CXX object ApplicationLibCode/CMakeFiles/ApplicationLibCode.dir/ProjectDataModel/GridCrossPlots/RimGridCrossPlot.cpp.o
[17/79] Building CXX object ApplicationLibCode/CMakeFiles/ApplicationLibCode.dir/ProjectDataModel/Summary/RimSummaryCurve.cpp.o
[18/79] Building CXX object ApplicationLibCode/CMakeFiles/ApplicationLibCode.dir/ProjectDataModel/Summary/RimSummaryPlot.cpp.o
[19/79] Building CXX object ApplicationLibCode/CMakeFiles/ApplicationLibCode.dir/ProjectDataModel/Summary/RimSummaryTimeAxisProperties.cpp.o
[20/79] Building CXX object ApplicationLibCode/CMakeFiles/ApplicationLibCode.dir/ProjectDataModel/Summary/RimSummaryPlotSourceStepping.cpp.o
[21/79] Building CXX object ApplicationLibCode/CMakeFiles/ApplicationLibCode.dir/ProjectDataModel/Summary/RimSummaryPlotManager.cpp.o
[22/79] Building CXX object ApplicationLibCode/CMakeFiles/ApplicationLibCode.dir/ProjectDataModel/Summary/RimEnsembleCurveSet.cpp.o
[23/79] Building CXX object ApplicationLibCode/CMakeFiles/ApplicationLibCode.dir/ProjectDataModel/Summary/RimSummaryMultiPlot.cpp.o
[24/79] Building CXX object ApplicationLibCode/CMakeFiles/ApplicationLibCode.dir/ProjectDataModel/Summary/RimSummaryMultiPlotCollection.cpp.o
[25/79] Building CXX object ApplicationLibCode/CMakeFiles/ApplicationLibCode.dir/ProjectDataModel/Summary/RimSummaryEnsembleTools.cpp.o
[26/79] Building CXX object ApplicationLibCode/CMakeFiles/ApplicationLibCode.dir/ProjectDataModel/Tools/RimAutomationSettings.cpp.o
[27/79] Building CXX object ApplicationLibCode/CMakeFiles/ApplicationLibCode.dir/ProjectDataModel/Summary/Sumo/RimSummaryEnsembleSumo.cpp.o
[28/79] Building CXX object ApplicationLibCode/CMakeFiles/ApplicationLibCode.dir/ProjectDataModel/Histogram/RimHistogramMultiPlot.cpp.o
[29/79] Building CXX object ApplicationLibCode/CMakeFiles/ApplicationLibCode.dir/ProjectDataModel/Histogram/RimHistogramMultiPlotCollection.cpp.o
[30/79] Building CXX object ApplicationLibCode/CMakeFiles/ApplicationLibCode.dir/UserInterface/RiuDragDrop.cpp.o
[31/79] Building CXX object ApplicationLibCode/CMakeFiles/ApplicationLibCode.dir/ProjectDataModel/Histogram/RimHistogramPlot.cpp.o
[32/79] Building CXX object ApplicationLibCode/CMakeFiles/ApplicationLibCode.dir/UserInterface/RiuPlotMainWindow.cpp.o
[33/79] Building CXX object ApplicationLibCode/CMakeFiles/ApplicationLibCode.dir/UserInterface/RiuSummaryQwtPlot.cpp.o
[34/79] Building CXX object ApplicationLibCode/CMakeFiles/ApplicationLibCode.dir/UserInterface/RiuSummaryMultiPlotPage.cpp.o
[35/79] Building CXX object ApplicationLibCode/CMakeFiles/ApplicationLibCode.dir/UserInterface/RiuSummaryMultiPlotBook.cpp.o
[36/79] Building CXX object ApplicationLibCode/CMakeFiles/ApplicationLibCode.dir/UserInterface/RiuMultiPlotBook.cpp.o
[37/79] Building CXX object ApplicationLibCode/CMakeFiles/ApplicationLibCode.dir/UserInterface/RiuMultiPlotPage.cpp.o
[38/79] Building CXX object ApplicationLibCode/Commands/CMakeFiles/Commands.dir/RicCloseObservedDataFeature.cpp.o
[39/79] Building CXX object ApplicationLibCode/Commands/CMakeFiles/Commands.dir/RicCloseSummaryCaseFeature.cpp.o
[40/79] Building CXX object ApplicationLibCode/Commands/CMakeFiles/Commands.dir/RicDeleteSubItemsFeature.cpp.o
[41/79] Building CXX object ApplicationLibCode/Commands/CMakeFiles/Commands.dir/RicImportSummaryCasesFeature.cpp.o
[42/79] Building CXX object ApplicationLibCode/Commands/CMakeFiles/Commands.dir/RicDeleteSummaryCaseCollectionFeature.cpp.o
[43/79] Building CXX object ApplicationLibCode/Commands/CMakeFiles/Commands.dir/RicReplaceCaseFeature.cpp.o
[44/79] Building CXX object ApplicationLibCode/Commands/CMakeFiles/Commands.dir/RicHistogramPlotTools.cpp.o
[45/79] Building CXX object ApplicationLibCode/Commands/CMakeFiles/Commands.dir/ExportCommands/RicSnapshotViewToFileFeature.cpp.o
[46/79] Building CXX object ApplicationLibCode/Commands/CMakeFiles/Commands.dir/FlowCommands/RicPlotProductionRateFeature.cpp.o
[47/79] Building CXX object ApplicationLibCode/Commands/CMakeFiles/Commands.dir/OperationsUsingObjReferences/RicCopyReferencesToClipboardFeature.cpp.o
[48/79] Building CXX object ApplicationLibCode/Commands/CMakeFiles/Commands.dir/SummaryPlotCommands/RicOpenSummaryPlotEditorFeature.cpp.o
[49/79] Building CXX object ApplicationLibCode/Commands/CMakeFiles/Commands.dir/SummaryPlotCommands/RicNewDefaultSummaryPlotFeature.cpp.o
[50/79] Building CXX object ApplicationLibCode/Commands/CMakeFiles/Commands.dir/SummaryPlotCommands/RicDuplicateSummaryPlotFeature.cpp.o
[51/79] Building CXX object ApplicationLibCode/Commands/CMakeFiles/Commands.dir/SummaryPlotCommands/RicPasteAsciiDataToSummaryPlotFeature.cpp.o
[52/79] Building CXX object ApplicationLibCode/Commands/CMakeFiles/Commands.dir/SummaryPlotCommands/RicPasteSummaryPlotFeature.cpp.o
[53/79] Building CXX object ApplicationLibCode/Commands/CMakeFiles/Commands.dir/SummaryPlotCommands/RicPasteSummaryCurveFeature.cpp.o
[54/79] Building CXX object ApplicationLibCode/Commands/CMakeFiles/Commands.dir/SummaryPlotCommands/RicNewGridTimeHistoryCurveFeature.cpp.o
[55/79] Building CXX object ApplicationLibCode/Commands/CMakeFiles/Commands.dir/SummaryPlotCommands/RicNewSummaryEnsembleCurveSetFeature.cpp.o
[56/79] Building CXX object ApplicationLibCode/Commands/CMakeFiles/Commands.dir/SummaryPlotCommands/RicSummaryPlotEditorUi.cpp.o
[57/79] Building CXX object ApplicationLibCode/Commands/CMakeFiles/Commands.dir/SummaryPlotCommands/RicPasteSummaryMultiPlotFeature.cpp.o
[58/79] Building CXX object ApplicationLibCode/Commands/CMakeFiles/Commands.dir/SummaryPlotCommands/RicToggleYAxisLinkingFeature.cpp.o
[59/79] Building CXX object ApplicationLibCode/Commands/CMakeFiles/Commands.dir/SummaryPlotCommands/RicToggleXAxisLinkingFeature.cpp.o
[60/79] Building CXX object ApplicationLibCode/Commands/CMakeFiles/Commands.dir/SummaryPlotCommands/RicCreateDeclineCurvesFeature.cpp.o
[61/79] Building CXX object ApplicationLibCode/Commands/CMakeFiles/Commands.dir/SummaryPlotCommands/RicCreateRegressionAnalysisCurveFeature.cpp.o
[62/79] Building CXX object ApplicationLibCode/Commands/CMakeFiles/Commands.dir/WellLogCommands/RicDeleteSubPlotFeature.cpp.o
[63/79] Building CXX object ApplicationLibCode/Commands/CMakeFiles/Commands.dir/PlotTemplateCommands/RicCreatePlotFromTemplateByShortcutFeature.cpp.o
[64/79] Building CXX object ApplicationLibCode/Commands/CMakeFiles/Commands.dir/PlotTemplateCommands/RicSaveMultiPlotTemplateFeature.cpp.o
[65/79] Building CXX object ApplicationLibCode/Commands/CMakeFiles/Commands.dir/PlotTemplateCommands/RicCreateMultiPlotFromSelectionFeature.cpp.o
[66/79] Building CXX object ApplicationLibCode/Commands/CMakeFiles/Commands.dir/PlotBuilderCommands/RicNewSummaryMultiPlotFeature.cpp.o
[67/79] Building CXX object ApplicationLibCode/Commands/CMakeFiles/Commands.dir/PlotTemplateCommands/RicCreateNewPlotFromTemplateFeature.cpp.o
[68/79] Building CXX object ApplicationLibCode/Commands/CMakeFiles/Commands.dir/PlotBuilderCommands/RicAppendSummaryCurvesForObjectsFeature.cpp.o
[69/79] Building CXX object ApplicationLibCode/Commands/CMakeFiles/Commands.dir/PlotBuilderCommands/RicAppendSummaryPlotsForObjectsFeature.cpp.o
[70/79] Building CXX object ApplicationLibCode/Commands/CMakeFiles/Commands.dir/PlotBuilderCommands/RicAppendSummaryPlotsForSummaryCasesFeature.cpp.o
[71/79] Building CXX object ApplicationLibCode/Commands/CMakeFiles/Commands.dir/PlotBuilderCommands/RicAppendSummaryCurvesForSummaryCasesFeature.cpp.o
[72/79] Building CXX object ApplicationLibCode/Commands/CMakeFiles/Commands.dir/PlotBuilderCommands/RicAppendSummaryPlotsForSummaryAddressesFeature.cpp.o
[73/79] Building CXX object ApplicationLibCode/Commands/CMakeFiles/Commands.dir/PlotBuilderCommands/RicAppendSummaryCurvesForSummaryAddressesFeature.cpp.o
[74/79] Building CXX object ApplicationLibCode/Commands/CMakeFiles/Commands.dir/PlotBuilderCommands/RicNewEmptySummaryMultiPlotFeature.cpp.o
[75/79] Building CXX object ApplicationLibCode/Commands/CMakeFiles/Commands.dir/Histogram/RicNewDefaultHistogramPlotFeature.cpp.o
[76/79] Linking CXX executable ApplicationLibCode/UnitTests/ResInsight-tests
[77/79] Linking CXX executable ResInsight.app/Contents/MacOS/ResInsight
INFO | fixing executable '/tmp/resinsight-p01-build/application-build/ResInsight.app/Contents/MacOS/ResInsight'
INFO | fixing plugins
INFO | macdeployqtfix terminated with success
[78/79] Generating /tmp/resinsight-p01-build/source/GrpcInterface/Python/rips/generated/generated_classes.py
[79/79] Running utility command for RipsGeneratedPythonClasses
