001 session_create: 0.28s error=False
002 general_capabilities: 0.06s error=False
003 geological_generate: 0.61s error=False
004 application_launch: 3.41s error=False
005 geological_load: 12.17s error=False
006 geological_verify: 1.34s error=False
007 array_upload: 0.06s error=False
008 array_upload: 0.06s error=False
009 array_upload: 0.06s error=False
010 general_well_define: 0.06s error=False
011 general_well_load: 1.55s error=False
012 general_well_export: 0.93s error=False
013 array_range: 0.06s error=False
014 array_range: 0.06s error=False
015 array_upload: 0.06s error=False
016 array_upload: 0.06s error=False
017 array_upload: 0.06s error=False
018 general_well_define: 0.06s error=False
019 general_well_load: 2.23s error=False
020 general_well_export: 0.87s error=False
021 array_range: 0.06s error=False
022 array_range: 0.06s error=False
023 array_upload: 0.06s error=False
024 array_upload: 0.06s error=False
025 array_upload: 0.06s error=False
026 general_well_define: 0.06s error=False
027 general_well_load: 1.28s error=False
028 general_well_export: 0.67s error=False
029 array_range: 0.06s error=False
030 array_range: 0.05s error=False
031 geological_render: 2.08s error=False
032 geological_render: 1.83s error=False
033 geological_render: 1.89s error=False
034 general_physics_schema: 0.05s error=False
035 array_upload: 0.06s error=False
036 array_upload: 0.06s error=False
037 array_upload: 0.06s error=False
038 array_upload: 0.06s error=False
039 array_upload: 0.06s error=False
040 array_upload: 0.06s error=False
041 array_upload: 0.06s error=False
042 array_upload: 0.06s error=False
043 array_upload: 0.06s error=False
044 array_upload: 0.06s error=False
045 array_upload: 0.06s error=False
046 array_upload: 0.06s error=False
047 array_upload: 0.06s error=False
048 array_upload: 0.06s error=False
049 array_upload: 0.05s error=False
050 array_upload: 0.06s error=False
051 array_upload: 0.06s error=False
052 array_upload: 0.06s error=False
053 array_upload: 0.06s error=False
054 array_upload: 0.06s error=False
055 array_upload: 0.06s error=False
056 array_upload: 0.06s error=False
057 array_upload: 0.06s error=False
058 array_upload: 0.06s error=False
059 array_upload: 0.06s error=False
060 array_upload: 0.06s error=False
061 array_upload: 0.06s error=False
062 array_upload: 0.06s error=False
063 array_upload: 0.06s error=False
064 array_upload: 0.06s error=False
065 array_upload: 0.06s error=False
066 array_join: 0.06s error=False
067 general_physics_create: 0.11s error=False
068 array_upload: 0.06s error=False
069 array_upload: 0.06s error=False
070 array_upload: 0.06s error=False
071 array_upload: 0.06s error=False
072 array_upload: 0.06s error=False
073 array_upload: 0.06s error=False
074 array_upload: 0.06s error=False
075 array_upload: 0.06s error=False
076 array_upload: 0.06s error=False
077 array_upload: 0.06s error=False
078 array_upload: 0.06s error=False
079 array_upload: 0.06s error=False
080 array_upload: 0.06s error=False
081 array_upload: 0.06s error=False
082 array_upload: 0.06s error=False
083 array_upload: 0.06s error=False
084 array_upload: 0.06s error=False
085 array_upload: 0.06s error=False
086 array_upload: 0.06s error=False
087 array_upload: 0.06s error=False
088 array_upload: 0.06s error=False
089 array_upload: 0.06s error=False
090 array_upload: 0.06s error=False
091 array_upload: 0.06s error=False
092 array_upload: 0.06s error=False
093 array_upload: 0.06s error=False
094 array_upload: 0.06s error=False
095 array_upload: 0.06s error=False
096 array_upload: 0.06s error=False
097 array_upload: 0.06s error=False
098 array_upload: 0.06s error=False
099 array_upload: 0.06s error=False
100 array_upload: 0.06s error=False
101 array_upload: 0.06s error=False
102 array_upload: 0.06s error=False
103 array_upload: 0.06s error=False
104 general_physics_edit: 0.22s error=False
105 array_upload: 0.06s error=False
106 general_schedule_create: 0.06s error=False
107 general_schedule_edit: 0.11s error=False
108 general_simulation_define: 0.22s error=False
109 general_simulation_prepare: 15.48s error=False
110 general_schedule_edit: 0.12s error=False
111 general_simulation_define: 0.18s error=False
112 general_simulation_prepare: 12.42s error=False
113 application_close: 0.61s error=False
114 general_simulation_prepared: 0.28s error=False
115 general_simulation_prepared: 0.06s error=False
