
Run: ruff check .
All checks passed!

Run: ruff format --check .
276 files already formatted

Run: ty check
All checks passed!

Run: /private/tmp/resinsight-opm-workflow-final/.venv/bin/python3 -m pytest -q
........................................................................ [ 10%]
........................................................................ [ 21%]
........................................................................ [ 32%]
........................................................................ [ 43%]
........................................................................ [ 54%]
........................................................................ [ 64%]
........................................................................ [ 75%]
........................................................................ [ 86%]
........................................................................ [ 97%]
..................                                                       [100%]
666 passed in 139.77s (0:02:19)

Run: mkdocs build --strict

[31m │  ⚠  Warning from the Material for MkDocs team[0m
[31m │[0m
[31m │[0m  MkDocs 2.0, the underlying framework of Material for MkDocs,
[31m │[0m  will introduce backward-incompatible changes, including:
[31m │[0m
[31m │  × [0mAll plugins will stop working – the plugin system has been removed
[31m │  × [0mAll theme overrides will break – the theming system has been rewritten
[31m │  × [0mNo migration path exists – existing projects cannot be upgraded
[31m │  × [0mClosed contribution model – community members can't report bugs
[31m │  × [0mCurrently unlicensed – unsuitable for production use
[31m │[0m
[31m │[0m  Our full analysis:
[31m │[0m
[31m │[0m  [4mhttps://squidfunk.github.io/mkdocs-material/blog/2026/02/18/mkdocs-2.0/[0m
[0m
INFO    -  Cleaning site directory
INFO    -  Building documentation to directory: /private/tmp/resinsight-opm-workflow-final/site
INFO    -  The following pages exist in the docs directory, but are not included in the "nav" configuration:
  - development/evidence/opm-launcher/browser/README.md
  - development/evidence/p06/observer/README.md
  - development/evidence/p09/integrated/README.md
  - development/evidence/p09/lifetime/browser/README.md
  - development/evidence/p09/service/README.md
  - development/evidence/p09/service/trial-02/connections.md
  - development/evidence/p09/service/trial-03/connections.md
  - development/evidence/p09/service/trial-04/connections.md
  - development/evidence/p11/browser/README.md
  - development/evidence/p12/native/README.md
  - development/evidence/workspace-journal/README.md
INFO    -  Documentation built in 2.24 seconds
