["/Applications/Docker.app/Contents/Resources/bin/docker", "version"]
Client:
 Version:           29.3.1
 API version:       1.54
 Go version:        go1.25.8
 Git commit:        c2be9cc
 Built:             Wed Mar 25 16:12:49 2026
 OS/Arch:           darwin/arm64
 Context:           desktop-linux

Server: Docker Desktop 4.67.0 (222858)
 Engine:
  Version:          29.3.1
  API version:      1.54 (minimum version 1.40)
  Go version:       go1.25.8
  Git commit:       f78c987
  Built:            Wed Mar 25 16:14:30 2026
  OS/Arch:          linux/arm64
  Experimental:     false
 containerd:
  Version:          v2.2.1
  GitCommit:        dea7da592f5d1d2b7755e3a161be07f43fad8f75
 runc:
  Version:          1.3.4
  GitCommit:        v1.3.4-0-gd6d73eb8
 docker-init:
  Version:          0.19.0
  GitCommit:        de40ad0

Exit status: 0
